// Jest Snapshot v1, https://goo.gl/fbAQLP

exports[`Toast Should support Rtl display 1`] = `
ShallowWrapper {
  "length": 1,
  Symbol(enzyme.__root__): [Circular],
  Symbol(enzyme.__unrendered__): <Toast
    autoClose={false}
    bodyClassName={null}
    className={null}
    closeButton={
      <CloseButton
        ariaLabel="close"
      />
    }
    closeOnClick={true}
    closeToast={[Function]}
    hideProgressBar={false}
    in={true}
    isDocumentHidden={false}
    onClose={null}
    onOpen={null}
    pauseOnHover={true}
    position="top-right"
    progressClassName={null}
    role="alert"
    rtl={true}
    transition={[Function]}
    type="default"
    updateId={null}
  >
    FooBar
  </Toast>,
  Symbol(enzyme.__renderer__): Object {
    "batchedUpdates": [Function],
    "getNode": [Function],
    "render": [Function],
    "simulateEvent": [Function],
    "unmount": [Function],
  },
  Symbol(enzyme.__node__): Object {
    "instance": null,
    "key": null,
    "nodeType": "function",
    "props": Object {
      "appear": true,
      "children": <div
        className="Toastify__toast Toastify__toast--default Toastify__toast--rtl"
        onClick={[Function]}
      >
        <div
          className="Toastify__toast-body"
          role="alert"
        >
          FooBar
        </div>
        <CloseButton
          ariaLabel="close"
        />
      </div>,
      "in": true,
      "onExited": undefined,
      "position": "top-right",
      "unmountOnExit": true,
    },
    "ref": null,
    "rendered": Object {
      "instance": null,
      "key": null,
      "nodeType": "host",
      "props": Object {
        "children": Array [
          <div
            className="Toastify__toast-body"
            role="alert"
          >
            FooBar
          </div>,
          <CloseButton
            ariaLabel="close"
          />,
          false,
        ],
        "className": "Toastify__toast Toastify__toast--default Toastify__toast--rtl",
        "onClick": [Function],
      },
      "ref": null,
      "rendered": Array [
        Object {
          "instance": null,
          "key": null,
          "nodeType": "host",
          "props": Object {
            "children": "FooBar",
            "className": "Toastify__toast-body",
            "role": "alert",
          },
          "ref": null,
          "rendered": "FooBar",
          "type": "div",
        },
        Object {
          "instance": null,
          "key": null,
          "nodeType": "function",
          "props": Object {
            "ariaLabel": "close",
          },
          "ref": null,
          "rendered": null,
          "type": [Function],
        },
        false,
      ],
      "type": "div",
    },
    "type": [Function],
  },
  Symbol(enzyme.__nodes__): Array [
    Object {
      "instance": null,
      "key": null,
      "nodeType": "function",
      "props": Object {
        "appear": true,
        "children": <div
          className="Toastify__toast Toastify__toast--default Toastify__toast--rtl"
          onClick={[Function]}
        >
          <div
            className="Toastify__toast-body"
            role="alert"
          >
            FooBar
          </div>
          <CloseButton
            ariaLabel="close"
          />
        </div>,
        "in": true,
        "onExited": undefined,
        "position": "top-right",
        "unmountOnExit": true,
      },
      "ref": null,
      "rendered": Object {
        "instance": null,
        "key": null,
        "nodeType": "host",
        "props": Object {
          "children": Array [
            <div
              className="Toastify__toast-body"
              role="alert"
            >
              FooBar
            </div>,
            <CloseButton
              ariaLabel="close"
            />,
            false,
          ],
          "className": "Toastify__toast Toastify__toast--default Toastify__toast--rtl",
          "onClick": [Function],
        },
        "ref": null,
        "rendered": Array [
          Object {
            "instance": null,
            "key": null,
            "nodeType": "host",
            "props": Object {
              "children": "FooBar",
              "className": "Toastify__toast-body",
              "role": "alert",
            },
            "ref": null,
            "rendered": "FooBar",
            "type": "div",
          },
          Object {
            "instance": null,
            "key": null,
            "nodeType": "function",
            "props": Object {
              "ariaLabel": "close",
            },
            "ref": null,
            "rendered": null,
            "type": [Function],
          },
          false,
        ],
        "type": "div",
      },
      "type": [Function],
    },
  ],
  Symbol(enzyme.__options__): Object {
    "adapter": ReactSixteenAdapter {
      "options": Object {
        "enableComponentDidUpdateOnSetState": true,
      },
    },
  },
}
`;
