// Jest Snapshot v1, https://goo.gl/fbAQLP

exports[`cssTransition helper Should return a valid react component 1`] = `
<div>
  <div>
    <div>
      Plop
    </div>
  </div>
</div>
`;
