// Jest Snapshot v1, https://goo.gl/fbAQLP

exports[`Toast Should support Rtl display 1`] = `ShallowWrapper {}`;
